# autogenerated - do not edit
# Prefix in .
# test cases for generate script

${eval ${call  some-macro, 42, $$x, {  $(foreach something) } }}

# doctests:
# Suffix in .

all:: $(TOP_TARGETS) sub/all
sometarget1:: $(TOP_TARGETS_sometarget1) sub/sometarget1
sometarget2:: $(TOP_TARGETS_sometarget2) sub/sometarget2
.PHONY: all sometarget1 sometarget2
