# autogenerated - do not edit
# test cases for generate script

all:: $(TOP_TARGETS) sub/all
.PHONY: all
