# autogenerated - do not edit
# Prefix in sub/dir
# subdirectory test cases


sub/dir/

# sub_dir_TARGETS_notarget += 42
sub_dir_TARGETS_sometarget1
sub_dir_TARGETS_sometarget2

line joining

sub_dir_WARN += 4
WARN += 4
sub_dir_WARN += 5 # this warning suppressed, precisely
WARN += 5

$(NOWARN1)

# doctests:
# Suffix in sub/dir

sub/dir/all:: $(sub_dir_TARGETS)
sub/dir/sometarget1:: $(sub_dir_TARGETS_sometarget1)
sub/dir/sometarget2:: $(sub_dir_TARGETS_sometarget2)
.PHONY: sub/dir/all sub/dir/sometarget1 sub/dir/sometarget2
