# autogenerated - do not edit
#

sub/dir/all:: $(sub_dir_TARGETS)
.PHONY: sub/dir/all
