# autogenerated - do not edit

sub/all:: $(sub_TARGETS) sub/dir/all
.PHONY: sub/all
